// Jest Snapshot v1, https://goo.gl/fbAQLP

exports[`With Snapshot Testing Icon with className 1`] = `
<div
  className="some"
>
  Icon
</div>
`;
